nohup: ignoring input
07/17/2025 05:49:54 - WARNING - __main__ - Process rank: 0, device: cuda:0, n_gpu: 4distributed training: True, 16-bits training: False
07/17/2025 05:50:08 - WARNING - __main__ - The tokenizer picked seems to have a very large `model_max_length` (131072). Picking 1024 instead. You can change that default value by passing --block_size xxx.
/data/nuri/knn-transformers/run_clm.py:557: FutureWarning: `tokenizer` is deprecated and will be removed in version 5.0.0 for `Trainer.__init__`. Use `processing_class` instead.
  trainer = Trainer(
07/17/2025 05:50:09 - INFO - knnlm - keytype being saved: KEY_TYPE.last_ffn_input
07/17/2025 05:50:09 - INFO - knnlm - Saving fp16
07/17/2025 05:50:09 - INFO - knnlm - Building index
07/17/2025 05:50:09 - INFO - knnlm - Training Index
07/17/2025 06:56:15 - INFO - knnlm - Training took 3954.3411202430725 s
07/17/2025 06:56:15 - INFO - knnlm - Adding Keys
/home/nuri/.conda/envs/neubig/lib/python3.10/site-packages/faiss/contrib/torch_utils.py:51: UserWarning: TypedStorage is deprecated. It will be removed in the future and UntypedStorage will be the only storage class. This should only matter to you if you are using storages directly.  To access UntypedStorage directly, use tensor.untyped_storage() instead of tensor.storage()
  x.storage().data_ptr() + x.storage_offset() * 4)
07/17/2025 07:04:06 - INFO - knnlm - Added 1000000 tokens so far
07/17/2025 07:04:06 - INFO - knnlm - Writing Index 1000000
07/17/2025 07:11:53 - INFO - knnlm - Added 2000000 tokens so far
07/17/2025 07:11:53 - INFO - knnlm - Writing Index 2000000
07/17/2025 07:19:07 - INFO - knnlm - Added 3000000 tokens so far
07/17/2025 07:19:07 - INFO - knnlm - Writing Index 3000000
07/17/2025 07:26:24 - INFO - knnlm - Added 4000000 tokens so far
07/17/2025 07:26:24 - INFO - knnlm - Writing Index 4000000
07/17/2025 07:33:37 - INFO - knnlm - Added 5000000 tokens so far
07/17/2025 07:33:37 - INFO - knnlm - Writing Index 5000000
07/17/2025 07:41:40 - INFO - knnlm - Added 6000000 tokens so far
07/17/2025 07:41:40 - INFO - knnlm - Writing Index 6000000
07/17/2025 07:49:19 - INFO - knnlm - Added 7000000 tokens so far
07/17/2025 07:49:19 - INFO - knnlm - Writing Index 7000000
07/17/2025 07:56:54 - INFO - knnlm - Added 8000000 tokens so far
07/17/2025 07:56:54 - INFO - knnlm - Writing Index 8000000
07/17/2025 08:04:05 - INFO - knnlm - Added 9000000 tokens so far
07/17/2025 08:04:05 - INFO - knnlm - Writing Index 9000000
07/17/2025 08:11:35 - INFO - knnlm - Added 10000000 tokens so far
07/17/2025 08:11:35 - INFO - knnlm - Writing Index 10000000
07/17/2025 08:20:12 - INFO - knnlm - Added 11000000 tokens so far
07/17/2025 08:20:12 - INFO - knnlm - Writing Index 11000000
07/17/2025 08:30:05 - INFO - knnlm - Added 12000000 tokens so far
07/17/2025 08:30:05 - INFO - knnlm - Writing Index 12000000
07/17/2025 08:37:21 - INFO - knnlm - Added 13000000 tokens so far
07/17/2025 08:37:21 - INFO - knnlm - Writing Index 13000000
07/17/2025 08:44:58 - INFO - knnlm - Added 14000000 tokens so far
07/17/2025 08:44:58 - INFO - knnlm - Writing Index 14000000
07/17/2025 08:52:11 - INFO - knnlm - Added 15000000 tokens so far
07/17/2025 08:52:11 - INFO - knnlm - Writing Index 15000000
07/17/2025 09:08:19 - INFO - knnlm - Added 16000000 tokens so far
07/17/2025 09:08:19 - INFO - knnlm - Writing Index 16000000
07/17/2025 09:25:11 - INFO - knnlm - Added 17000000 tokens so far
07/17/2025 09:25:11 - INFO - knnlm - Writing Index 17000000
07/17/2025 09:35:12 - INFO - knnlm - Added 18000000 tokens so far
07/17/2025 09:35:12 - INFO - knnlm - Writing Index 18000000
07/17/2025 09:43:08 - INFO - knnlm - Added 19000000 tokens so far
07/17/2025 09:43:08 - INFO - knnlm - Writing Index 19000000
07/17/2025 09:50:36 - INFO - knnlm - Added 20000000 tokens so far
07/17/2025 09:50:36 - INFO - knnlm - Writing Index 20000000
07/17/2025 10:00:09 - INFO - knnlm - Added 21000000 tokens so far
07/17/2025 10:00:09 - INFO - knnlm - Writing Index 21000000
07/17/2025 10:09:14 - INFO - knnlm - Added 22000000 tokens so far
07/17/2025 10:09:14 - INFO - knnlm - Writing Index 22000000
07/17/2025 10:20:07 - INFO - knnlm - Added 23000000 tokens so far
07/17/2025 10:20:07 - INFO - knnlm - Writing Index 23000000
07/17/2025 10:32:37 - INFO - knnlm - Added 24000000 tokens so far
07/17/2025 10:32:37 - INFO - knnlm - Writing Index 24000000
07/17/2025 10:41:36 - INFO - knnlm - Added 25000000 tokens so far
07/17/2025 10:41:36 - INFO - knnlm - Writing Index 25000000
07/17/2025 10:52:57 - INFO - knnlm - Added 26000000 tokens so far
07/17/2025 10:52:57 - INFO - knnlm - Writing Index 26000000
07/17/2025 11:01:40 - INFO - knnlm - Added 27000000 tokens so far
07/17/2025 11:01:40 - INFO - knnlm - Writing Index 27000000
07/17/2025 11:08:50 - INFO - knnlm - Added 28000000 tokens so far
07/17/2025 11:08:50 - INFO - knnlm - Writing Index 28000000
07/17/2025 11:16:31 - INFO - knnlm - Added 29000000 tokens so far
07/17/2025 11:16:31 - INFO - knnlm - Writing Index 29000000
07/17/2025 11:24:31 - INFO - knnlm - Added 30000000 tokens so far
07/17/2025 11:24:31 - INFO - knnlm - Writing Index 30000000
07/17/2025 11:31:41 - INFO - knnlm - Added 31000000 tokens so far
07/17/2025 11:31:41 - INFO - knnlm - Writing Index 31000000
07/17/2025 11:39:45 - INFO - knnlm - Added 32000000 tokens so far
07/17/2025 11:39:45 - INFO - knnlm - Writing Index 32000000
07/17/2025 11:46:55 - INFO - knnlm - Added 33000000 tokens so far
07/17/2025 11:46:55 - INFO - knnlm - Writing Index 33000000
07/17/2025 11:54:17 - INFO - knnlm - Added 34000000 tokens so far
07/17/2025 11:54:17 - INFO - knnlm - Writing Index 34000000
07/17/2025 12:01:46 - INFO - knnlm - Added 35000000 tokens so far
07/17/2025 12:01:46 - INFO - knnlm - Writing Index 35000000
07/17/2025 12:09:13 - INFO - knnlm - Added 36000000 tokens so far
07/17/2025 12:09:13 - INFO - knnlm - Writing Index 36000000
07/17/2025 12:17:31 - INFO - knnlm - Added 37000000 tokens so far
07/17/2025 12:17:31 - INFO - knnlm - Writing Index 37000000
07/17/2025 12:24:46 - INFO - knnlm - Added 38000000 tokens so far
07/17/2025 12:24:46 - INFO - knnlm - Writing Index 38000000
07/17/2025 12:32:09 - INFO - knnlm - Added 39000000 tokens so far
07/17/2025 12:32:09 - INFO - knnlm - Writing Index 39000000
07/17/2025 12:39:28 - INFO - knnlm - Added 40000000 tokens so far
07/17/2025 12:39:28 - INFO - knnlm - Writing Index 40000000
07/17/2025 12:48:03 - INFO - knnlm - Added 41000000 tokens so far
07/17/2025 12:48:03 - INFO - knnlm - Writing Index 41000000
07/17/2025 12:55:53 - INFO - knnlm - Added 42000000 tokens so far
07/17/2025 12:55:53 - INFO - knnlm - Writing Index 42000000
07/17/2025 13:04:19 - INFO - knnlm - Added 43000000 tokens so far
07/17/2025 13:04:19 - INFO - knnlm - Writing Index 43000000
07/17/2025 13:12:00 - INFO - knnlm - Added 44000000 tokens so far
07/17/2025 13:12:00 - INFO - knnlm - Writing Index 44000000
07/17/2025 13:19:20 - INFO - knnlm - Added 45000000 tokens so far
07/17/2025 13:19:20 - INFO - knnlm - Writing Index 45000000
07/17/2025 13:26:58 - INFO - knnlm - Added 46000000 tokens so far
07/17/2025 13:26:58 - INFO - knnlm - Writing Index 46000000
07/17/2025 13:36:14 - INFO - knnlm - Added 47000000 tokens so far
07/17/2025 13:36:14 - INFO - knnlm - Writing Index 47000000
07/17/2025 13:45:07 - INFO - knnlm - Added 48000000 tokens so far
07/17/2025 13:45:07 - INFO - knnlm - Writing Index 48000000
07/17/2025 14:00:30 - INFO - knnlm - Added 49000000 tokens so far
07/17/2025 14:00:30 - INFO - knnlm - Writing Index 49000000
07/17/2025 14:12:46 - INFO - knnlm - Added 50000000 tokens so far
07/17/2025 14:12:46 - INFO - knnlm - Writing Index 50000000
07/17/2025 14:21:22 - INFO - knnlm - Added 51000000 tokens so far
07/17/2025 14:21:22 - INFO - knnlm - Writing Index 51000000
07/17/2025 14:35:40 - INFO - knnlm - Added 52000000 tokens so far
07/17/2025 14:35:40 - INFO - knnlm - Writing Index 52000000
07/17/2025 14:46:17 - INFO - knnlm - Added 53000000 tokens so far
07/17/2025 14:46:17 - INFO - knnlm - Writing Index 53000000
07/17/2025 15:03:04 - INFO - knnlm - Added 54000000 tokens so far
07/17/2025 15:03:04 - INFO - knnlm - Writing Index 54000000
07/17/2025 15:14:29 - INFO - knnlm - Added 55000000 tokens so far
07/17/2025 15:14:29 - INFO - knnlm - Writing Index 55000000
07/17/2025 15:28:59 - INFO - knnlm - Added 56000000 tokens so far
07/17/2025 15:28:59 - INFO - knnlm - Writing Index 56000000
07/17/2025 15:43:31 - INFO - knnlm - Added 57000000 tokens so far
07/17/2025 15:43:31 - INFO - knnlm - Writing Index 57000000
07/17/2025 15:56:43 - INFO - knnlm - Added 58000000 tokens so far
07/17/2025 15:56:43 - INFO - knnlm - Writing Index 58000000
07/17/2025 16:09:28 - INFO - knnlm - Added 59000000 tokens so far
07/17/2025 16:09:28 - INFO - knnlm - Writing Index 59000000
07/17/2025 16:22:17 - INFO - knnlm - Added 60000000 tokens so far
07/17/2025 16:22:17 - INFO - knnlm - Writing Index 60000000
07/17/2025 16:34:15 - INFO - knnlm - Added 61000000 tokens so far
07/17/2025 16:34:15 - INFO - knnlm - Writing Index 61000000
07/17/2025 16:48:25 - INFO - knnlm - Added 62000000 tokens so far
07/17/2025 16:48:25 - INFO - knnlm - Writing Index 62000000
07/17/2025 17:03:18 - INFO - knnlm - Added 63000000 tokens so far
07/17/2025 17:03:18 - INFO - knnlm - Writing Index 63000000
07/17/2025 17:14:33 - INFO - knnlm - Added 64000000 tokens so far
07/17/2025 17:14:33 - INFO - knnlm - Writing Index 64000000
07/17/2025 17:22:03 - INFO - knnlm - Added 65000000 tokens so far
07/17/2025 17:22:03 - INFO - knnlm - Writing Index 65000000
07/17/2025 17:29:16 - INFO - knnlm - Added 66000000 tokens so far
07/17/2025 17:29:16 - INFO - knnlm - Writing Index 66000000
07/17/2025 17:37:00 - INFO - knnlm - Added 67000000 tokens so far
07/17/2025 17:37:00 - INFO - knnlm - Writing Index 67000000
07/17/2025 17:44:29 - INFO - knnlm - Added 68000000 tokens so far
07/17/2025 17:44:29 - INFO - knnlm - Writing Index 68000000
07/17/2025 17:51:43 - INFO - knnlm - Added 69000000 tokens so far
07/17/2025 17:51:43 - INFO - knnlm - Writing Index 69000000
07/17/2025 17:59:08 - INFO - knnlm - Added 70000000 tokens so far
07/17/2025 17:59:08 - INFO - knnlm - Writing Index 70000000
07/17/2025 18:06:39 - INFO - knnlm - Added 71000000 tokens so far
07/17/2025 18:06:39 - INFO - knnlm - Writing Index 71000000
07/17/2025 18:14:12 - INFO - knnlm - Added 72000000 tokens so far
07/17/2025 18:14:12 - INFO - knnlm - Writing Index 72000000
07/17/2025 18:22:21 - INFO - knnlm - Added 73000000 tokens so far
07/17/2025 18:22:21 - INFO - knnlm - Writing Index 73000000
07/17/2025 18:29:53 - INFO - knnlm - Added 74000000 tokens so far
07/17/2025 18:29:53 - INFO - knnlm - Writing Index 74000000
07/17/2025 18:37:27 - INFO - knnlm - Added 75000000 tokens so far
07/17/2025 18:37:27 - INFO - knnlm - Writing Index 75000000
07/17/2025 18:44:39 - INFO - knnlm - Added 76000000 tokens so far
07/17/2025 18:44:39 - INFO - knnlm - Writing Index 76000000
07/17/2025 18:52:02 - INFO - knnlm - Added 77000000 tokens so far
07/17/2025 18:52:02 - INFO - knnlm - Writing Index 77000000
07/17/2025 18:59:22 - INFO - knnlm - Added 78000000 tokens so far
07/17/2025 18:59:22 - INFO - knnlm - Writing Index 78000000
07/17/2025 19:06:37 - INFO - knnlm - Added 79000000 tokens so far
07/17/2025 19:06:37 - INFO - knnlm - Writing Index 79000000
07/17/2025 19:14:01 - INFO - knnlm - Added 80000000 tokens so far
07/17/2025 19:14:01 - INFO - knnlm - Writing Index 80000000
07/17/2025 19:21:33 - INFO - knnlm - Added 81000000 tokens so far
07/17/2025 19:21:33 - INFO - knnlm - Writing Index 81000000
07/17/2025 19:29:10 - INFO - knnlm - Added 82000000 tokens so far
07/17/2025 19:29:10 - INFO - knnlm - Writing Index 82000000
07/17/2025 19:37:26 - INFO - knnlm - Added 83000000 tokens so far
07/17/2025 19:37:26 - INFO - knnlm - Writing Index 83000000
07/17/2025 19:44:45 - INFO - knnlm - Added 84000000 tokens so far
07/17/2025 19:44:45 - INFO - knnlm - Writing Index 84000000
07/17/2025 19:52:50 - INFO - knnlm - Added 85000000 tokens so far
07/17/2025 19:52:50 - INFO - knnlm - Writing Index 85000000
07/17/2025 20:00:25 - INFO - knnlm - Added 86000000 tokens so far
07/17/2025 20:00:25 - INFO - knnlm - Writing Index 86000000
07/17/2025 20:08:49 - INFO - knnlm - Added 87000000 tokens so far
07/17/2025 20:08:49 - INFO - knnlm - Writing Index 87000000
07/17/2025 20:16:36 - INFO - knnlm - Added 88000000 tokens so far
07/17/2025 20:16:36 - INFO - knnlm - Writing Index 88000000
07/17/2025 20:23:58 - INFO - knnlm - Added 89000000 tokens so far
07/17/2025 20:23:58 - INFO - knnlm - Writing Index 89000000
07/17/2025 20:32:06 - INFO - knnlm - Added 90000000 tokens so far
07/17/2025 20:32:06 - INFO - knnlm - Writing Index 90000000
07/17/2025 20:39:21 - INFO - knnlm - Added 91000000 tokens so far
07/17/2025 20:39:21 - INFO - knnlm - Writing Index 91000000
07/17/2025 20:46:44 - INFO - knnlm - Added 92000000 tokens so far
07/17/2025 20:46:44 - INFO - knnlm - Writing Index 92000000
07/17/2025 20:54:10 - INFO - knnlm - Added 93000000 tokens so far
07/17/2025 20:54:10 - INFO - knnlm - Writing Index 93000000
07/17/2025 21:01:56 - INFO - knnlm - Added 94000000 tokens so far
07/17/2025 21:01:56 - INFO - knnlm - Writing Index 94000000
07/17/2025 21:09:24 - INFO - knnlm - Added 95000000 tokens so far
07/17/2025 21:09:24 - INFO - knnlm - Writing Index 95000000
07/17/2025 21:17:29 - INFO - knnlm - Added 96000000 tokens so far
07/17/2025 21:17:29 - INFO - knnlm - Writing Index 96000000
07/17/2025 21:24:47 - INFO - knnlm - Added 97000000 tokens so far
07/17/2025 21:24:47 - INFO - knnlm - Writing Index 97000000
07/17/2025 21:32:20 - INFO - knnlm - Added 98000000 tokens so far
07/17/2025 21:32:20 - INFO - knnlm - Writing Index 98000000
07/17/2025 21:39:43 - INFO - knnlm - Added 99000000 tokens so far
07/17/2025 21:39:43 - INFO - knnlm - Writing Index 99000000
07/17/2025 21:47:11 - INFO - knnlm - Added 100000000 tokens so far
07/17/2025 21:47:11 - INFO - knnlm - Writing Index 100000000
07/17/2025 21:54:50 - INFO - knnlm - Added 101000000 tokens so far
07/17/2025 21:54:50 - INFO - knnlm - Writing Index 101000000
07/17/2025 22:02:25 - INFO - knnlm - Added 102000000 tokens so far
07/17/2025 22:02:25 - INFO - knnlm - Writing Index 102000000
07/17/2025 22:10:46 - INFO - knnlm - Added 103000000 tokens so far
07/17/2025 22:10:46 - INFO - knnlm - Writing Index 103000000
07/17/2025 22:18:41 - INFO - knnlm - Added 104000000 tokens so far
07/17/2025 22:18:41 - INFO - knnlm - Writing Index 104000000
07/17/2025 22:25:57 - INFO - knnlm - Added 105000000 tokens so far
07/17/2025 22:25:57 - INFO - knnlm - Writing Index 105000000
07/17/2025 22:33:21 - INFO - knnlm - Added 106000000 tokens so far
07/17/2025 22:33:21 - INFO - knnlm - Writing Index 106000000
07/17/2025 22:40:40 - INFO - knnlm - Added 107000000 tokens so far
07/17/2025 22:40:40 - INFO - knnlm - Writing Index 107000000
07/17/2025 22:49:20 - INFO - knnlm - Added 108000000 tokens so far
07/17/2025 22:49:20 - INFO - knnlm - Writing Index 108000000
07/17/2025 22:56:47 - INFO - knnlm - Added 109000000 tokens so far
07/17/2025 22:56:47 - INFO - knnlm - Writing Index 109000000
07/17/2025 23:04:11 - INFO - knnlm - Added 110000000 tokens so far
07/17/2025 23:04:11 - INFO - knnlm - Writing Index 110000000
07/17/2025 23:11:54 - INFO - knnlm - Added 111000000 tokens so far
07/17/2025 23:11:54 - INFO - knnlm - Writing Index 111000000
07/17/2025 23:19:47 - INFO - knnlm - Added 112000000 tokens so far
07/17/2025 23:19:47 - INFO - knnlm - Writing Index 112000000
07/17/2025 23:28:27 - INFO - knnlm - Added 113000000 tokens so far
07/17/2025 23:28:27 - INFO - knnlm - Writing Index 113000000
07/17/2025 23:35:45 - INFO - knnlm - Added 114000000 tokens so far
07/17/2025 23:35:45 - INFO - knnlm - Writing Index 114000000
07/17/2025 23:43:31 - INFO - knnlm - Added 115000000 tokens so far
07/17/2025 23:43:31 - INFO - knnlm - Writing Index 115000000
07/17/2025 23:51:24 - INFO - knnlm - Added 116000000 tokens so far
07/17/2025 23:51:24 - INFO - knnlm - Writing Index 116000000
07/17/2025 23:59:26 - INFO - knnlm - Added 117000000 tokens so far
07/17/2025 23:59:26 - INFO - knnlm - Writing Index 117000000
07/18/2025 00:07:16 - INFO - knnlm - Added 118000000 tokens so far
07/18/2025 00:07:16 - INFO - knnlm - Writing Index 118000000
07/18/2025 00:15:12 - INFO - knnlm - Added 119000000 tokens so far
07/18/2025 00:15:12 - INFO - knnlm - Writing Index 119000000
07/18/2025 00:22:41 - INFO - knnlm - Added 120000000 tokens so far
07/18/2025 00:22:41 - INFO - knnlm - Writing Index 120000000
07/18/2025 00:30:04 - INFO - knnlm - Added 121000000 tokens so far
07/18/2025 00:30:04 - INFO - knnlm - Writing Index 121000000
07/18/2025 00:30:18 - INFO - knnlm - Adding total 121000000 keys
07/18/2025 00:30:18 - INFO - knnlm - Adding took 63242.716807603836 s
07/18/2025 00:30:18 - INFO - knnlm - Writing Index to ./dstore_llama3.2_1B/index_llama_120965366_2048.indexed
07/18/2025 00:30:31 - INFO - knnlm - Writing index took 13.524489164352417 s
